                      [32m&[92m&&[39m
             [1m[92m&[0m[92m&&&[39m    [32m&&[33m&&[1m[93m\[0m
              [33m&&[32m&[1m&[0m[92m&&[39m   [92m&&[39m
             [92m&&&&[32m&[92m&[1m&[0m[32m&[39m [1m[93m/[92m&[93m\[0m[32m&[92m&[1m&[0m
         [32m&[39m  [32m&[92m&[32m&[92m&&[32m&[92m&[32m&[1m[92m&[0m[33m&[1m[93m&\[0m[32m&[1m&[0m[33m&[1m[93m&[0m[32m&[39m [32m&&[39m
            [1m[92m&[0m  [92m&[32m&&[39m   [92m&&[1m[32m&[92m&&[0m[92m&[1m[93m|\[0m[92m&[1m&[0m
              [1m[92m&[32m&[0m[92m&[32m&&[39m [1m[93m|/[0m  [33m/[92m&[1m[93m|[92m&[0m[32m&[39m  [92m&[39m
             [32m&[39m [32m&&[33m//[1m[93m/~[0m     [1m[92m&[93m|\[0m[92m&[39m
                [92m&[1m[93m/~[0m[33m/[39m      [33m\|[39m
                 [1m[93m\|[0m[33m\[39m       [1m[93m|/[0m    [32m&[39m  [32m&[39m
    [32m&&[39m           [33m\|/[39m      [1m[93m/|\[0m[32m&[39m   [32m&[39m
[1m[93m&[0m[92m&[39m [92m&&[39m    [1m[92m&[0m  [1m[93m\_[0m[33m__[39m [33m/~_[39m     [33m_/~[32m&[1m[92m&[0m[32m&[92m&&[33m/&[39m
[1m[92m&[93m\[92m&&[0m[32m&[1m[93m|[0m[92m&[39m [1m[92m&[0m[92m&[1m[93m\_[0m[33m_[1m[93m\_[0m[33m\__\[1m[93m/|\[0m   [33m/_[92m&[1m&[0m[32m&[92m&&[32m&[33m&[39m
[32m&[39m [1m[92m&[0m [32m&&&&&&[1m[93m\_[0m       [1m[93m\|[0m    [1m[93m\|[0m  [92m&&[39m  [92m&[39m
     [32m&[1m[92m&[0m[32m&[1m[92m&[0m[32m&[39m         [1m[93m\[0m[33m/~\[39m  [33m/[1m[93m/~[0m
      [92m&[1m[93m&[92m&[0m           [1m[93m/~[0m[33m~[39m  [1m[93m/~[0m[33m/[39m
   [33m&[39m [1m[93m&[0m              [1m[93m\[0m[33m/~[39m [1m[93m|[0m[33m/~[39m
                    [1m[93m\/~[0m[33m/~[39m
                      [1m[93m/~[0m
                       [33m/~/~[39m
