-- index idx_calendar_account
CREATE INDEX idx_calendar_account ON calendar(account_id);

-- index idx_contact_card_account
CREATE INDEX idx_contact_card_account ON contact_card(account_id);

-- index idx_contact_card_account_server
CREATE UNIQUE INDEX idx_contact_card_account_server ON contact_card(account_id, server_id) WHERE server_id IS NOT NULL;

-- index idx_event_calendar
CREATE INDEX idx_event_calendar ON event(calendar_id);

-- index idx_mailbox_account
CREATE INDEX idx_mailbox_account ON mailbox(account_id);

-- index idx_mailbox_account_server
CREATE UNIQUE INDEX idx_mailbox_account_server ON mailbox(account_id, server_id) WHERE server_id IS NOT NULL;

-- index idx_message_account_server
CREATE UNIQUE INDEX idx_message_account_server ON message(account_id, server_id) WHERE server_id IS NOT NULL;

-- index idx_message_mailbox_list
CREATE INDEX idx_message_mailbox_list ON message_mailbox(mailbox_id, received_at DESC, message_id);

-- index idx_message_mailbox_unread
CREATE INDEX idx_message_mailbox_unread ON message_mailbox(mailbox_id, received_at DESC, message_id) WHERE unread = 1;

-- index idx_message_thread
CREATE INDEX idx_message_thread ON message(account_id, thread_key, received_at);

-- index idx_occurrence_local_date
CREATE INDEX idx_occurrence_local_date ON occurrence(local_date);

-- index idx_occurrence_start_utc
CREATE INDEX idx_occurrence_start_utc ON occurrence(start_utc);

-- index idx_outbox_dispatch
CREATE INDEX idx_outbox_dispatch ON outbox(state, next_attempt_at);

-- index idx_thread_account
CREATE INDEX idx_thread_account ON thread(account_id);

-- table account
CREATE TABLE account (
    id           INTEGER PRIMARY KEY,
    slug         TEXT NOT NULL UNIQUE,
    backend_kind TEXT NOT NULL,
    address      TEXT NOT NULL,
    data         TEXT NOT NULL DEFAULT '{}'
);

-- table body
CREATE TABLE body (
    message_id INTEGER PRIMARY KEY REFERENCES message(id) ON DELETE CASCADE,
    content    BLOB NOT NULL,
    fetched_at INTEGER NOT NULL
);

-- table calendar
CREATE TABLE calendar (
    id         INTEGER PRIMARY KEY,
    account_id INTEGER NOT NULL REFERENCES account(id) ON DELETE CASCADE,
    href       TEXT,
    name       TEXT NOT NULL,
    color_slot INTEGER NOT NULL DEFAULT 0,
    visible    INTEGER NOT NULL DEFAULT 1,
    is_default INTEGER NOT NULL DEFAULT 0,
    data       TEXT NOT NULL DEFAULT '{}'
);

-- table contact_card
CREATE TABLE contact_card (
    id         INTEGER PRIMARY KEY,
    account_id INTEGER NOT NULL REFERENCES account(id) ON DELETE CASCADE,
    server_id  TEXT,
    uid        TEXT,
    full_name  TEXT NOT NULL DEFAULT '',
    data       TEXT NOT NULL DEFAULT '{}'
);

-- table contact_email
CREATE TABLE contact_email (
    contact_card_id INTEGER NOT NULL REFERENCES contact_card(id) ON DELETE CASCADE,
    address         TEXT NOT NULL,
    rank_hint       INTEGER NOT NULL DEFAULT 0,
    PRIMARY KEY (contact_card_id, address)
);

-- table draft_meta
CREATE TABLE draft_meta (
    message_id   INTEGER PRIMARY KEY REFERENCES message(id) ON DELETE CASCADE,
    local_rev    INTEGER NOT NULL DEFAULT 0,
    pushed_rev   INTEGER NOT NULL DEFAULT 0,
    anchor_msgid TEXT
);

-- table event
CREATE TABLE event (
    id            INTEGER PRIMARY KEY,
    account_id    INTEGER NOT NULL REFERENCES account(id) ON DELETE CASCADE,
    calendar_id   INTEGER NOT NULL REFERENCES calendar(id) ON DELETE CASCADE,
    uid           TEXT NOT NULL,
    href          TEXT,
    etag          TEXT,
    raw_ics       BLOB,
    summary       TEXT NOT NULL DEFAULT '',
    start_local   INTEGER NOT NULL,
    tzid          TEXT NOT NULL DEFAULT '',
    duration_secs INTEGER NOT NULL DEFAULT 0,
    is_all_day    INTEGER NOT NULL DEFAULT 0,
    is_floating   INTEGER NOT NULL DEFAULT 0,
    is_recurring  INTEGER NOT NULL DEFAULT 0,
    transparency  TEXT NOT NULL DEFAULT 'opaque',
    sequence      INTEGER NOT NULL DEFAULT 0,
    data          TEXT NOT NULL DEFAULT '{}'
);

-- table mailbox
CREATE TABLE mailbox (
    id           INTEGER PRIMARY KEY,
    account_id   INTEGER NOT NULL REFERENCES account(id) ON DELETE CASCADE,
    server_id    TEXT,
    role         TEXT NOT NULL DEFAULT '',
    name         TEXT NOT NULL,
    sort_order   INTEGER NOT NULL DEFAULT 0,
    visible      INTEGER NOT NULL DEFAULT 1,
    unread_count INTEGER NOT NULL DEFAULT 0,
    total_count  INTEGER NOT NULL DEFAULT 0,
    data         TEXT NOT NULL DEFAULT '{}'
);

-- table message
CREATE TABLE message (
    id             INTEGER PRIMARY KEY,
    account_id     INTEGER NOT NULL REFERENCES account(id) ON DELETE CASCADE,
    server_id      TEXT,
    blob_id        TEXT,
    thread_key     TEXT NOT NULL DEFAULT '',
    received_at    INTEGER NOT NULL,
    subject        TEXT NOT NULL DEFAULT '',
    from_addr      TEXT NOT NULL DEFAULT '',
    flags          INTEGER NOT NULL DEFAULT 0,
    size           INTEGER NOT NULL DEFAULT 0,
    has_attachment INTEGER NOT NULL DEFAULT 0,
    origin         TEXT NOT NULL DEFAULT 'server' CHECK (origin IN ('server', 'local')),
    hidden_until   INTEGER,
    search_text    TEXT NOT NULL DEFAULT '',
    data           TEXT NOT NULL DEFAULT '{}'
);

-- table message_fts
CREATE VIRTUAL TABLE message_fts USING fts5(
    subject, search_text,
    content='message', content_rowid='id',
    prefix='2 3'
);

-- table message_fts_config
CREATE TABLE 'message_fts_config'(k PRIMARY KEY, v) WITHOUT ROWID;

-- table message_fts_data
CREATE TABLE 'message_fts_data'(id INTEGER PRIMARY KEY, block BLOB);

-- table message_fts_docsize
CREATE TABLE 'message_fts_docsize'(id INTEGER PRIMARY KEY, sz BLOB);

-- table message_fts_idx
CREATE TABLE 'message_fts_idx'(segid, term, pgno, PRIMARY KEY(segid, term)) WITHOUT ROWID;

-- table message_mailbox
CREATE TABLE message_mailbox (
    message_id  INTEGER NOT NULL REFERENCES message(id) ON DELETE CASCADE,
    mailbox_id  INTEGER NOT NULL REFERENCES mailbox(id) ON DELETE CASCADE,
    received_at INTEGER NOT NULL,
    unread      INTEGER NOT NULL DEFAULT 0,
    PRIMARY KEY (message_id, mailbox_id)
);

-- table occurrence
CREATE TABLE occurrence (
    event_id      INTEGER NOT NULL REFERENCES event(id) ON DELETE CASCADE,
    recurrence_id TEXT NOT NULL DEFAULT '',
    start_utc     INTEGER NOT NULL,
    end_utc       INTEGER NOT NULL,
    start_local   INTEGER NOT NULL,
    local_date    TEXT NOT NULL,
    PRIMARY KEY (event_id, recurrence_id)
);

-- table outbox
CREATE TABLE outbox (
    id              INTEGER PRIMARY KEY,
    account_id      INTEGER NOT NULL REFERENCES account(id) ON DELETE CASCADE,
    kind            TEXT NOT NULL,
    payload         TEXT NOT NULL,
    -- 'queued' and 'dispatching' are ADR-0006 revision 2's claim-
    -- discipline states; a CHECK here refuses anything the dispatcher
    -- (task 10) does not itself write.
    state           TEXT NOT NULL DEFAULT 'queued' CHECK (state IN ('queued', 'dispatching')),
    undo_group      TEXT,
    chunk_seq       INTEGER NOT NULL DEFAULT 0,
    attempt_count   INTEGER NOT NULL DEFAULT 0,
    next_attempt_at INTEGER NOT NULL DEFAULT 0,
    failure_class   TEXT,
    failure_detail  TEXT,
    created_at      INTEGER NOT NULL
);

-- table schema_version
CREATE TABLE schema_version (version INTEGER NOT NULL);

-- table sent_history
CREATE TABLE sent_history (
    account_id   INTEGER NOT NULL REFERENCES account(id) ON DELETE CASCADE,
    address      TEXT NOT NULL,
    name         TEXT NOT NULL DEFAULT '',
    last_used_at INTEGER NOT NULL,
    use_count    INTEGER NOT NULL DEFAULT 0,
    PRIMARY KEY (account_id, address)
);

-- table sync_state
CREATE TABLE sync_state (
    account_id         INTEGER NOT NULL REFERENCES account(id) ON DELETE CASCADE,
    object_kind        TEXT NOT NULL,
    collection_id      TEXT NOT NULL DEFAULT '',
    server_state_token TEXT,
    local_rev          INTEGER NOT NULL DEFAULT 0,
    PRIMARY KEY (account_id, object_kind, collection_id)
);

-- table thread
CREATE TABLE thread (
    id               INTEGER PRIMARY KEY,
    account_id       INTEGER NOT NULL REFERENCES account(id) ON DELETE CASCADE,
    server_thread_id TEXT,
    muted            INTEGER NOT NULL DEFAULT 0,
    data             TEXT NOT NULL DEFAULT '{}'
);

-- trigger trg_message_fts_delete
CREATE TRIGGER trg_message_fts_delete AFTER DELETE ON message BEGIN
    INSERT INTO message_fts(message_fts, rowid, subject, search_text)
    VALUES ('delete', OLD.id, OLD.subject, OLD.search_text);
END;

-- trigger trg_message_fts_insert
CREATE TRIGGER trg_message_fts_insert AFTER INSERT ON message BEGIN
    INSERT INTO message_fts(rowid, subject, search_text)
    VALUES (NEW.id, NEW.subject, NEW.search_text);
END;

-- trigger trg_message_fts_update
CREATE TRIGGER trg_message_fts_update AFTER UPDATE OF subject, search_text ON message BEGIN
    INSERT INTO message_fts(message_fts, rowid, subject, search_text)
    VALUES ('delete', OLD.id, OLD.subject, OLD.search_text);
    INSERT INTO message_fts(rowid, subject, search_text)
    VALUES (NEW.id, NEW.subject, NEW.search_text);
END;

